Test file for 0-add_integer.py
==================================

>>> add_integer = __import__('0-add_integer').add_integer

>>> add_integer(1, 3)
4

>>> add_integer(1, -3)
-2

>>> add_integer(-3, 5)
2

>>> add_integer(2.6, 2)
4

>>> add_integer(5, 5.4)
10

>>> add_integer(5.6, 3.9)
8

>>> add_integer(-1.2, 2)
1

>>> add_integer([1, 2])
Traceback (most recent call last):
TypeError: a must be an integer

>>> add_integer(1, [1, 2])
Traceback (most recent call last):
TypeError: b must be an integer

>>> add_integer((1, 2))
Traceback (most recent call last):
TypeError: a must be an integer

>>> add_integer(1, (1, 2))
Traceback (most recent call last):
TypeError: b must be an integer

>>> add_integer("hello")
Traceback (most recent call last):
TypeError: a must be an integer

>>> add_integer(1, "hello")
Traceback (most recent call last):
TypeError: b must be an integer

>>> add_integer()
Traceback (most recent call last):
TypeError: add_integer() missing 1 required positional argument: 'a'

>>> add_integer(float("inf"))
Traceback (most recent call last):
OverflowError: cannot convert float infinity to integer

>>> add_integer(float("NaN"))
Traceback (most recent call last):
ValueError: cannot convert float NaN to integer

>>> add_integer(a)
Traceback (most recent call last):
NameError: name 'a' is not defined
